\BOOKMARK [1][-]{section.1}{\376\377\137\025\212\000}{}% 1
\BOOKMARK [1][-]{section.2}{\376\377\166\370\121\163\135\345\117\134}{}% 2
\BOOKMARK [2][-]{subsection.2.1}{\376\377\000L\000L\000M\117\134\116\072\152\041\142\337\214\003\147\345\123\327\213\277\200\005}{section.2}% 3
\BOOKMARK [2][-]{subsection.2.2}{\376\377\213\241\173\227\145\077\154\273\171\321\133\146}{section.2}% 4
\BOOKMARK [2][-]{subsection.2.3}{\376\377\123\345\133\120\135\114\121\145\116\016\171\076\117\032\171\321\133\146}{section.2}% 5
\BOOKMARK [1][-]{section.3}{\376\377\145\271\154\325}{}% 6
\BOOKMARK [2][-]{subsection.3.1}{\376\377\174\373\176\337\147\266\147\204}{section.3}% 7
\BOOKMARK [2][-]{subsection.3.2}{\376\377\116\272\162\151\165\073\120\317\165\037\142\020}{section.3}% 8
\BOOKMARK [2][-]{subsection.3.3}{\376\377\000P\000r\000o\000m\000p\000t\135\345\172\013\377\032\116\011\217\156\217\355\116\343}{section.3}% 9
\BOOKMARK [2][-]{subsection.3.4}{\376\377\000L\000L\000M\152\041\142\337\213\276\177\156}{section.3}% 10
\BOOKMARK [2][-]{subsection.3.5}{\376\377\221\307\150\067\173\126\165\145\377\032\166\370\117\074\136\246\150\300\175\042\116\016\226\217\147\072\142\275\150\067}{section.3}% 11
\BOOKMARK [2][-]{subsection.3.6}{\376\377\000M\000L\162\171\137\201\116\016\152\041\127\213}{section.3}% 12
\BOOKMARK [2][-]{subsection.3.7}{\376\377\213\304\117\060\123\117\213\256}{section.3}% 13
\BOOKMARK [1][-]{section.4}{\376\377\176\323\147\234}{}% 14
\BOOKMARK [2][-]{subsection.4.1}{\376\377\000P\000r\000o\000m\000p\000t\166\204\132\001\122\233\377\032\116\316\0008\0009\000\045\122\060\0002\0009\000\045}{section.4}% 15
\BOOKMARK [2][-]{subsection.4.2}{\376\377\116\016\000I\000F\000O\000P\166\204\133\371\237\120\116\016\225\031\117\115}{section.4}% 16
\BOOKMARK [2][-]{subsection.4.3}{\376\377\214\001\147\145\126\336\173\124\377\032\166\370\117\074\136\246\150\300\175\042\000\040\000v\000s\000.\000\040\226\217\147\072\142\275\150\067}{section.4}% 17
\BOOKMARK [2][-]{subsection.4.4}{\376\377\136\164\237\204\123\213\120\022\116\000\122\007\377\032\116\052\117\123\134\102\227\142\166\204\162\171\137\201\122\006\147\220}{section.4}% 18
\BOOKMARK [2][-]{subsection.4.5}{\376\377\000R\0002\0000\000.\0002\0008\166\204\131\051\202\261\147\177}{section.4}% 19
\BOOKMARK [1][-]{section.5}{\376\377\213\250\213\272}{}% 20
\BOOKMARK [2][-]{subsection.5.1}{\376\377\000P\000r\000o\000m\000p\000t\145\117\141\037\140\047\377\032\135\345\121\167\116\016\230\316\226\151}{section.5}% 21
\BOOKMARK [2][-]{subsection.5.2}{\376\377\000"\116\343\210\150\140\047\000"\166\204\121\215\133\232\116\111}{section.5}% 22
\BOOKMARK [2][-]{subsection.5.3}{\376\377\116\052\117\123\230\204\155\113\166\204\150\071\147\054\226\120\122\066}{section.5}% 23
\BOOKMARK [2][-]{subsection.5.4}{\376\377\134\100\226\120\140\047}{section.5}% 24
\BOOKMARK [1][-]{section.6}{\376\377\176\323\213\272}{}% 25
\BOOKMARK [1][-]{appendix.A}{\376\377\133\214\145\164\126\336\137\122\176\323\147\234}{}% 26
\BOOKMARK [1][-]{appendix.B}{\376\377\000P\000r\000o\000m\000p\000t\152\041\147\177}{}% 27
\BOOKMARK [1][-]{appendix.C}{\376\377\123\357\131\015\163\260\140\047}{}% 28
\BOOKMARK [1][-]{appendix.D}{\376\377\210\145\121\105\126\376\210\150}{}% 29
